task: [setup] go mod download
task: [common:install:frontend:deps:bun] bun install
bun install v1.3.14 (0d9b296a)

+ @eslint/js@10.0.1
+ @testing-library/jest-dom@7.0.1
+ @testing-library/react@16.3.3
+ @testing-library/user-event@14.6.7
+ @types/react@18.3.31
+ @types/react-dom@18.3.7
+ @vitejs/plugin-react@6.1.1
+ @vitest/ui@4.1.11
+ eslint@10.9.1
+ eslint-plugin-react-hooks@7.1.1
+ eslint-plugin-react-refresh@0.5.6
+ globals@17.12.0
+ jsdom@30.0.1
+ typescript@5.9.3
+ typescript-eslint@8.69.0
+ vite@8.2.2
+ vitest@4.1.11
+ @base-ui/react@1.7.0
+ @date-fns/tz@1.5.0
+ @hookform/resolvers@5.9.1
+ @tailwindcss/vite@4.3.3
+ @tanstack/react-query@5.102.8
+ @tanstack/react-table@8.21.3
+ @wailsio/runtime@3.0.0-beta.16
+ class-variance-authority@0.7.1
+ clsx@2.1.1
+ date-fns@4.4.0
+ echarts@6.1.0
+ i18next@26.4.1
+ i18next-browser-languagedetector@8.2.1
+ lucide-react@1.39.0
+ react@18.3.1
+ react-day-picker@9.14.0
+ react-dom@18.3.1
+ react-hook-form@7.87.0
+ react-i18next@17.0.13
+ sonner@2.0.8
+ tailwind-merge@3.6.0
+ tailwindcss@4.3.3
+ zod@4.5.4
+ zustand@5.0.15

291 packages installed [435.00ms]
task: [common:go:mod:tidy] go mod tidy
task: [common:generate:bindings] wails3 generate bindings -f '-tags production' -clean=true -ts -i ./...
Wails v3.0.0-beta.12 › Generate Bindings
 INFO  Processed: 293 Packages, 16 Services, 126 Methods, 4 Enums, 124 Models, 1 Event in 18.839744893s.
 INFO  Output directory: /workspace/NestworthGo-fe-be-audit/frontend/bindings

Need documentation? Run: ]8;;https://v3.wails.io/getting-started/your-first-app/\wails3 docs]8;;\
 ♥   If Wails is useful to you or your company, please consider sponsoring the project: ]8;;https://github.com/sponsors/leaanthony\wails3 sponsor]8;;\
